<?xml version="1.0"?>
<link_info>
   <banner>TMS320C2000 Linker PC v15.12.4.LTS</banner>
   <copyright>Copyright (c) 1996-2015 Texas Instruments Incorporated</copyright>
   <link_time>0x59d5d96c</link_time>
   <link_errors>0x0</link_errors>
   <output_file>FIR_filter_offline.out</output_file>
   <entry_point>
      <name>_c_int00</name>
      <address>0x8258</address>
   </entry_point>
   <input_file_list>
      <input_file id="fl-5">
         <path>.\source\</path>
         <kind>object</kind>
         <file>FIR_f32.obj</file>
         <name>FIR_f32.obj</name>
      </input_file>
      <input_file id="fl-6">
         <path>.\source\</path>
         <kind>object</kind>
         <file>main.obj</file>
         <name>main.obj</name>
      </input_file>
      <input_file id="fl-7">
         <path>.\source\device\</path>
         <kind>object</kind>
         <file>F2837xD_Adc.obj</file>
         <name>F2837xD_Adc.obj</name>
      </input_file>
      <input_file id="fl-8">
         <path>.\source\device\</path>
         <kind>object</kind>
         <file>F2837xD_CodeStartBranch.obj</file>
         <name>F2837xD_CodeStartBranch.obj</name>
      </input_file>
      <input_file id="fl-9">
         <path>.\source\device\</path>
         <kind>object</kind>
         <file>F2837xD_DBGIER.obj</file>
         <name>F2837xD_DBGIER.obj</name>
      </input_file>
      <input_file id="fl-a">
         <path>.\source\device\</path>
         <kind>object</kind>
         <file>F2837xD_DefaultISR.obj</file>
         <name>F2837xD_DefaultISR.obj</name>
      </input_file>
      <input_file id="fl-b">
         <path>.\source\device\</path>
         <kind>object</kind>
         <file>F2837xD_GlobalVariableDefs.obj</file>
         <name>F2837xD_GlobalVariableDefs.obj</name>
      </input_file>
      <input_file id="fl-c">
         <path>.\source\device\</path>
         <kind>object</kind>
         <file>F2837xD_Gpio.obj</file>
         <name>F2837xD_Gpio.obj</name>
      </input_file>
      <input_file id="fl-d">
         <path>.\source\device\</path>
         <kind>object</kind>
         <file>F2837xD_Ipc.obj</file>
         <name>F2837xD_Ipc.obj</name>
      </input_file>
      <input_file id="fl-e">
         <path>.\source\device\</path>
         <kind>object</kind>
         <file>F2837xD_PieCtrl.obj</file>
         <name>F2837xD_PieCtrl.obj</name>
      </input_file>
      <input_file id="fl-f">
         <path>.\source\device\</path>
         <kind>object</kind>
         <file>F2837xD_PieVect.obj</file>
         <name>F2837xD_PieVect.obj</name>
      </input_file>
      <input_file id="fl-10">
         <path>.\source\device\</path>
         <kind>object</kind>
         <file>F2837xD_SysCtrl.obj</file>
         <name>F2837xD_SysCtrl.obj</name>
      </input_file>
      <input_file id="fl-11">
         <path>.\source\device\</path>
         <kind>object</kind>
         <file>F2837xD_TempSensorConv.obj</file>
         <name>F2837xD_TempSensorConv.obj</name>
      </input_file>
      <input_file id="fl-12">
         <path>.\source\device\</path>
         <kind>object</kind>
         <file>F2837xD_struct.obj</file>
         <name>F2837xD_struct.obj</name>
      </input_file>
      <input_file id="fl-13">
         <path>.\source\device\</path>
         <kind>object</kind>
         <file>F2837xD_usDelay.obj</file>
         <name>F2837xD_usDelay.obj</name>
      </input_file>
      <input_file id="fl-16">
         <path>..\lib\</path>
         <kind>archive</kind>
         <file>rts2800_fpu32.lib</file>
         <name>boot.obj</name>
      </input_file>
      <input_file id="fl-19">
         <path>..\lib\</path>
         <kind>archive</kind>
         <file>rts2800_fpu32.lib</file>
         <name>cpy_tbl.obj</name>
      </input_file>
      <input_file id="fl-1a">
         <path>..\lib\</path>
         <kind>archive</kind>
         <file>rts2800_fpu32.lib</file>
         <name>cpy_utils.obj</name>
      </input_file>
      <input_file id="fl-1b">
         <path>..\lib\</path>
         <kind>archive</kind>
         <file>rts2800_fpu32.lib</file>
         <name>exit.obj</name>
      </input_file>
      <input_file id="fl-1c">
         <path>..\lib\</path>
         <kind>archive</kind>
         <file>rts2800_fpu32.lib</file>
         <name>pre_init.obj</name>
      </input_file>
      <input_file id="fl-1d">
         <path>..\lib\</path>
         <kind>archive</kind>
         <file>rts2800_fpu32.lib</file>
         <name>startup.obj</name>
      </input_file>
      <input_file id="fl-1e">
         <path>..\lib\</path>
         <kind>archive</kind>
         <file>rts2800_fpu32.lib</file>
         <name>_lock.obj</name>
      </input_file>
      <input_file id="fl-1f">
         <path>..\lib\</path>
         <kind>archive</kind>
         <file>rts2800_fpu32.lib</file>
         <name>args_main.obj</name>
      </input_file>
      <input_file id="fl-20">
         <path>..\lib\</path>
         <kind>archive</kind>
         <file>rts2800_fpu32.lib</file>
         <name>ll_aox.obj</name>
      </input_file>
      <input_file id="fl-21">
         <path>..\lib\</path>
         <kind>archive</kind>
         <file>rts2800_fpu32.lib</file>
         <name>memcpy.obj</name>
      </input_file>
      <input_file id="fl-22">
         <path>..\lib\</path>
         <kind>archive</kind>
         <file>rts2800_fpu32.lib</file>
         <name>memset.obj</name>
      </input_file>
   </input_file_list>
   <object_component_list>
      <object_component id="oc-88">
         <name>.ebss</name>
         <uninitialized>true</uninitialized>
         <run_address>0x12000</run_address>
         <size>0x1940</size>
         <input_file_ref idref="fl-6"/>
      </object_component>
      <object_component id="oc-1b5">
         <name>.ebss</name>
         <uninitialized>true</uninitialized>
         <run_address>0x13940</run_address>
         <size>0x78</size>
         <input_file_ref idref="fl-12"/>
      </object_component>
      <object_component id="oc-1ae">
         <name>.ebss</name>
         <uninitialized>true</uninitialized>
         <run_address>0x139b8</run_address>
         <size>0x6</size>
         <input_file_ref idref="fl-11"/>
      </object_component>
      <object_component id="oc-1fc">
         <name>.ebss:__lock</name>
         <uninitialized>true</uninitialized>
         <run_address>0x139be</run_address>
         <size>0x2</size>
         <input_file_ref idref="fl-1e"/>
      </object_component>
      <object_component id="oc-1ce">
         <name>.ebss</name>
         <uninitialized>true</uninitialized>
         <run_address>0x139c0</run_address>
         <size>0x6</size>
         <input_file_ref idref="fl-1b"/>
      </object_component>
      <object_component id="oc-20b">
         <name>.ebss:__unlock</name>
         <uninitialized>true</uninitialized>
         <run_address>0x139c6</run_address>
         <size>0x2</size>
         <input_file_ref idref="fl-1e"/>
      </object_component>
      <object_component id="oc-89">
         <name>firfilt</name>
         <uninitialized>true</uninitialized>
         <run_address>0x13b88</run_address>
         <size>0xe</size>
         <input_file_ref idref="fl-6"/>
      </object_component>
      <object_component id="oc-8b">
         <name>firldb</name>
         <uninitialized>true</uninitialized>
         <run_address>0x1a000</run_address>
         <size>0x320</size>
         <input_file_ref idref="fl-6"/>
      </object_component>
      <object_component id="oc-8a">
         <name>coefffilt</name>
         <load_address>0x1b000</load_address>
         <run_address>0x1b000</run_address>
         <size>0x320</size>
         <input_file_ref idref="fl-6"/>
      </object_component>
      <object_component id="oc-1fb">
         <name>.text:_main</name>
         <load_address>0x8000</load_address>
         <run_address>0x8000</run_address>
         <size>0x10e</size>
         <input_file_ref idref="fl-6"/>
      </object_component>
      <object_component id="oc-208">
         <name>.text:_InitSysPll</name>
         <load_address>0x810e</load_address>
         <run_address>0x810e</run_address>
         <size>0xc6</size>
         <input_file_ref idref="fl-10"/>
      </object_component>
      <object_component id="oc-209">
         <name>.text:_InitPeripheralClocks</name>
         <load_address>0x81d4</load_address>
         <run_address>0x81d4</run_address>
         <size>0x84</size>
         <input_file_ref idref="fl-10"/>
      </object_component>
      <object_component id="oc-80">
         <name>.text</name>
         <load_address>0x8258</load_address>
         <run_address>0x8258</run_address>
         <size>0x56</size>
         <input_file_ref idref="fl-16"/>
      </object_component>
      <object_component id="oc-1f7">
         <name>.text</name>
         <load_address>0x82ae</load_address>
         <run_address>0x82ae</run_address>
         <size>0x46</size>
         <input_file_ref idref="fl-19"/>
      </object_component>
      <object_component id="oc-1fe">
         <name>.text:_InitSysCtrl</name>
         <load_address>0x82f4</load_address>
         <run_address>0x82f4</run_address>
         <size>0x40</size>
         <input_file_ref idref="fl-10"/>
      </object_component>
      <object_component id="oc-81">
         <name>.text</name>
         <load_address>0x8334</load_address>
         <run_address>0x8334</run_address>
         <size>0x37</size>
         <input_file_ref idref="fl-5"/>
      </object_component>
      <object_component id="oc-1fa">
         <name>.text</name>
         <load_address>0x836b</load_address>
         <run_address>0x836b</run_address>
         <size>0x29</size>
         <input_file_ref idref="fl-1b"/>
      </object_component>
      <object_component id="oc-200">
         <name>.text:_InitPieVectTable</name>
         <load_address>0x8394</load_address>
         <run_address>0x8394</run_address>
         <size>0x26</size>
         <input_file_ref idref="fl-f"/>
      </object_component>
      <object_component id="oc-20c">
         <name>.text:_GPIO_EnableUnbondedIOPullupsFor100Pin</name>
         <load_address>0x83ba</load_address>
         <run_address>0x83ba</run_address>
         <size>0x25</size>
         <input_file_ref idref="fl-c"/>
      </object_component>
      <object_component id="oc-1ff">
         <name>.text:_InitPieCtrl</name>
         <load_address>0x83df</load_address>
         <run_address>0x83df</run_address>
         <size>0x1f</size>
         <input_file_ref idref="fl-e"/>
      </object_component>
      <object_component id="oc-205">
         <name>.text</name>
         <load_address>0x83fe</load_address>
         <run_address>0x83fe</run_address>
         <size>0x1e</size>
         <input_file_ref idref="fl-21"/>
      </object_component>
      <object_component id="oc-1c7">
         <name>.text</name>
         <load_address>0x841c</load_address>
         <run_address>0x841c</run_address>
         <size>0x1a</size>
         <input_file_ref idref="fl-1a"/>
      </object_component>
      <object_component id="oc-20d">
         <name>.text:_GPIO_EnableUnbondedIOPullupsFor176Pin</name>
         <load_address>0x8436</load_address>
         <run_address>0x8436</run_address>
         <size>0x19</size>
         <input_file_ref idref="fl-c"/>
      </object_component>
      <object_component id="oc-1f9">
         <name>.text</name>
         <load_address>0x844f</load_address>
         <run_address>0x844f</run_address>
         <size>0x19</size>
         <input_file_ref idref="fl-1f"/>
      </object_component>
      <object_component id="oc-1e7">
         <name>.text</name>
         <load_address>0x8468</load_address>
         <run_address>0x8468</run_address>
         <size>0x18</size>
         <input_file_ref idref="fl-20"/>
      </object_component>
      <object_component id="oc-207">
         <name>.text:_GPIO_EnableUnbondedIOPullups</name>
         <load_address>0x8480</load_address>
         <run_address>0x8480</run_address>
         <size>0x16</size>
         <input_file_ref idref="fl-c"/>
      </object_component>
      <object_component id="oc-204">
         <name>.text:_DisableDog</name>
         <load_address>0x8496</load_address>
         <run_address>0x8496</run_address>
         <size>0xe</size>
         <input_file_ref idref="fl-10"/>
      </object_component>
      <object_component id="oc-12b">
         <name>.text:_EMPTY_ISR</name>
         <load_address>0x84a4</load_address>
         <run_address>0x84a4</run_address>
         <size>0xd</size>
         <input_file_ref idref="fl-a"/>
      </object_component>
      <object_component id="oc-210">
         <name>.text:_SysXtalOscSel</name>
         <load_address>0x84b1</load_address>
         <run_address>0x84b1</run_address>
         <size>0xc</size>
         <input_file_ref idref="fl-10"/>
      </object_component>
      <object_component id="oc-201">
         <name>.text:___relaxed_sin</name>
         <load_address>0x84bd</load_address>
         <run_address>0x84bd</run_address>
         <size>0xb</size>
         <input_file_ref idref="fl-6"/>
      </object_component>
      <object_component id="oc-b3">
         <name>.text:_ADCA1_ISR</name>
         <load_address>0x84c8</load_address>
         <run_address>0x84c8</run_address>
         <size>0xa</size>
         <input_file_ref idref="fl-a"/>
      </object_component>
      <object_component id="oc-f3">
         <name>.text:_ADCA2_ISR</name>
         <load_address>0x84d2</load_address>
         <run_address>0x84d2</run_address>
         <size>0xa</size>
         <input_file_ref idref="fl-a"/>
      </object_component>
      <object_component id="oc-f4">
         <name>.text:_ADCA3_ISR</name>
         <load_address>0x84dc</load_address>
         <run_address>0x84dc</run_address>
         <size>0xa</size>
         <input_file_ref idref="fl-a"/>
      </object_component>
      <object_component id="oc-f5">
         <name>.text:_ADCA4_ISR</name>
         <load_address>0x84e6</load_address>
         <run_address>0x84e6</run_address>
         <size>0xa</size>
         <input_file_ref idref="fl-a"/>
      </object_component>
      <object_component id="oc-f2">
         <name>.text:_ADCA_EVT_ISR</name>
         <load_address>0x84f0</load_address>
         <run_address>0x84f0</run_address>
         <size>0xa</size>
         <input_file_ref idref="fl-a"/>
      </object_component>
      <object_component id="oc-b4">
         <name>.text:_ADCB1_ISR</name>
         <load_address>0x84fa</load_address>
         <run_address>0x84fa</run_address>
         <size>0xa</size>
         <input_file_ref idref="fl-a"/>
      </object_component>
      <object_component id="oc-f7">
         <name>.text:_ADCB2_ISR</name>
         <load_address>0x8504</load_address>
         <run_address>0x8504</run_address>
         <size>0xa</size>
         <input_file_ref idref="fl-a"/>
      </object_component>
      <object_component id="oc-f8">
         <name>.text:_ADCB3_ISR</name>
         <load_address>0x850e</load_address>
         <run_address>0x850e</run_address>
         <size>0xa</size>
         <input_file_ref idref="fl-a"/>
      </object_component>
      <object_component id="oc-f9">
         <name>.text:_ADCB4_ISR</name>
         <load_address>0x8518</load_address>
         <run_address>0x8518</run_address>
         <size>0xa</size>
         <input_file_ref idref="fl-a"/>
      </object_component>
      <object_component id="oc-f6">
         <name>.text:_ADCB_EVT_ISR</name>
         <load_address>0x8522</load_address>
         <run_address>0x8522</run_address>
         <size>0xa</size>
         <input_file_ref idref="fl-a"/>
      </object_component>
      <object_component id="oc-b5">
         <name>.text:_ADCC1_ISR</name>
         <load_address>0x852c</load_address>
         <run_address>0x852c</run_address>
         <size>0xa</size>
         <input_file_ref idref="fl-a"/>
      </object_component>
      <object_component id="oc-11b">
         <name>.text:_ADCC2_ISR</name>
         <load_address>0x8536</load_address>
         <run_address>0x8536</run_address>
         <size>0xa</size>
         <input_file_ref idref="fl-a"/>
      </object_component>
      <object_component id="oc-11c">
         <name>.text:_ADCC3_ISR</name>
         <load_address>0x8540</load_address>
         <run_address>0x8540</run_address>
         <size>0xa</size>
         <input_file_ref idref="fl-a"/>
      </object_component>
      <object_component id="oc-11d">
         <name>.text:_ADCC4_ISR</name>
         <load_address>0x854a</load_address>
         <run_address>0x854a</run_address>
         <size>0xa</size>
         <input_file_ref idref="fl-a"/>
      </object_component>
      <object_component id="oc-11a">
         <name>.text:_ADCC_EVT_ISR</name>
         <load_address>0x8554</load_address>
         <run_address>0x8554</run_address>
         <size>0xa</size>
         <input_file_ref idref="fl-a"/>
      </object_component>
      <object_component id="oc-b8">
         <name>.text:_ADCD1_ISR</name>
         <load_address>0x855e</load_address>
         <run_address>0x855e</run_address>
         <size>0xa</size>
         <input_file_ref idref="fl-a"/>
      </object_component>
      <object_component id="oc-11f">
         <name>.text:_ADCD2_ISR</name>
         <load_address>0x8568</load_address>
         <run_address>0x8568</run_address>
         <size>0xa</size>
         <input_file_ref idref="fl-a"/>
      </object_component>
      <object_component id="oc-120">
         <name>.text:_ADCD3_ISR</name>
         <load_address>0x8572</load_address>
         <run_address>0x8572</run_address>
         <size>0xa</size>
         <input_file_ref idref="fl-a"/>
      </object_component>
      <object_component id="oc-121">
         <name>.text:_ADCD4_ISR</name>
         <load_address>0x857c</load_address>
         <run_address>0x857c</run_address>
         <size>0xa</size>
         <input_file_ref idref="fl-a"/>
      </object_component>
      <object_component id="oc-11e">
         <name>.text:_ADCD_EVT_ISR</name>
         <load_address>0x8586</load_address>
         <run_address>0x8586</run_address>
         <size>0xa</size>
         <input_file_ref idref="fl-a"/>
      </object_component>
      <object_component id="oc-127">
         <name>.text:_AUX_PLL_SLIP_ISR</name>
         <load_address>0x8590</load_address>
         <run_address>0x8590</run_address>
         <size>0xa</size>
         <input_file_ref idref="fl-a"/>
      </object_component>
      <object_component id="oc-ee">
         <name>.text:_CANA0_ISR</name>
         <load_address>0x859a</load_address>
         <run_address>0x859a</run_address>
         <size>0xa</size>
         <input_file_ref idref="fl-a"/>
      </object_component>
      <object_component id="oc-ef">
         <name>.text:_CANA1_ISR</name>
         <load_address>0x85a4</load_address>
         <run_address>0x85a4</run_address>
         <size>0xa</size>
         <input_file_ref idref="fl-a"/>
      </object_component>
      <object_component id="oc-f0">
         <name>.text:_CANB0_ISR</name>
         <load_address>0x85ae</load_address>
         <run_address>0x85ae</run_address>
         <size>0xa</size>
         <input_file_ref idref="fl-a"/>
      </object_component>
      <object_component id="oc-f1">
         <name>.text:_CANB1_ISR</name>
         <load_address>0x85b8</load_address>
         <run_address>0x85b8</run_address>
         <size>0xa</size>
         <input_file_ref idref="fl-a"/>
      </object_component>
      <object_component id="oc-fa">
         <name>.text:_CLA1_1_ISR</name>
         <load_address>0x85c2</load_address>
         <run_address>0x85c2</run_address>
         <size>0xa</size>
         <input_file_ref idref="fl-a"/>
      </object_component>
      <object_component id="oc-fb">
         <name>.text:_CLA1_2_ISR</name>
         <load_address>0x85cc</load_address>
         <run_address>0x85cc</run_address>
         <size>0xa</size>
         <input_file_ref idref="fl-a"/>
      </object_component>
      <object_component id="oc-fc">
         <name>.text:_CLA1_3_ISR</name>
         <load_address>0x85d6</load_address>
         <run_address>0x85d6</run_address>
         <size>0xa</size>
         <input_file_ref idref="fl-a"/>
      </object_component>
      <object_component id="oc-fd">
         <name>.text:_CLA1_4_ISR</name>
         <load_address>0x85e0</load_address>
         <run_address>0x85e0</run_address>
         <size>0xa</size>
         <input_file_ref idref="fl-a"/>
      </object_component>
      <object_component id="oc-fe">
         <name>.text:_CLA1_5_ISR</name>
         <load_address>0x85ea</load_address>
         <run_address>0x85ea</run_address>
         <size>0xa</size>
         <input_file_ref idref="fl-a"/>
      </object_component>
      <object_component id="oc-ff">
         <name>.text:_CLA1_6_ISR</name>
         <load_address>0x85f4</load_address>
         <run_address>0x85f4</run_address>
         <size>0xa</size>
         <input_file_ref idref="fl-a"/>
      </object_component>
      <object_component id="oc-100">
         <name>.text:_CLA1_7_ISR</name>
         <load_address>0x85fe</load_address>
         <run_address>0x85fe</run_address>
         <size>0xa</size>
         <input_file_ref idref="fl-a"/>
      </object_component>
      <object_component id="oc-101">
         <name>.text:_CLA1_8_ISR</name>
         <load_address>0x8608</load_address>
         <run_address>0x8608</run_address>
         <size>0xa</size>
         <input_file_ref idref="fl-a"/>
      </object_component>
      <object_component id="oc-128">
         <name>.text:_CLA_OVERFLOW_ISR</name>
         <load_address>0x8612</load_address>
         <run_address>0x8612</run_address>
         <size>0xa</size>
         <input_file_ref idref="fl-a"/>
      </object_component>
      <object_component id="oc-129">
         <name>.text:_CLA_UNDERFLOW_ISR</name>
         <load_address>0x861c</load_address>
         <run_address>0x861c</run_address>
         <size>0xa</size>
         <input_file_ref idref="fl-a"/>
      </object_component>
      <object_component id="oc-a2">
         <name>.text:_DATALOG_ISR</name>
         <load_address>0x8626</load_address>
         <run_address>0x8626</run_address>
         <size>0xa</size>
         <input_file_ref idref="fl-a"/>
      </object_component>
      <object_component id="oc-dc">
         <name>.text:_DMA_CH1_ISR</name>
         <load_address>0x8630</load_address>
         <run_address>0x8630</run_address>
         <size>0xa</size>
         <input_file_ref idref="fl-a"/>
      </object_component>
      <object_component id="oc-dd">
         <name>.text:_DMA_CH2_ISR</name>
         <load_address>0x863a</load_address>
         <run_address>0x863a</run_address>
         <size>0xa</size>
         <input_file_ref idref="fl-a"/>
      </object_component>
      <object_component id="oc-de">
         <name>.text:_DMA_CH3_ISR</name>
         <load_address>0x8644</load_address>
         <run_address>0x8644</run_address>
         <size>0xa</size>
         <input_file_ref idref="fl-a"/>
      </object_component>
      <object_component id="oc-df">
         <name>.text:_DMA_CH4_ISR</name>
         <load_address>0x864e</load_address>
         <run_address>0x864e</run_address>
         <size>0xa</size>
         <input_file_ref idref="fl-a"/>
      </object_component>
      <object_component id="oc-e0">
         <name>.text:_DMA_CH5_ISR</name>
         <load_address>0x8658</load_address>
         <run_address>0x8658</run_address>
         <size>0xa</size>
         <input_file_ref idref="fl-a"/>
      </object_component>
      <object_component id="oc-e1">
         <name>.text:_DMA_CH6_ISR</name>
         <load_address>0x8662</load_address>
         <run_address>0x8662</run_address>
         <size>0xa</size>
         <input_file_ref idref="fl-a"/>
      </object_component>
      <object_component id="oc-cb">
         <name>.text:_ECAP1_ISR</name>
         <load_address>0x866c</load_address>
         <run_address>0x866c</run_address>
         <size>0xa</size>
         <input_file_ref idref="fl-a"/>
      </object_component>
      <object_component id="oc-cc">
         <name>.text:_ECAP2_ISR</name>
         <load_address>0x8676</load_address>
         <run_address>0x8676</run_address>
         <size>0xa</size>
         <input_file_ref idref="fl-a"/>
      </object_component>
      <object_component id="oc-cd">
         <name>.text:_ECAP3_ISR</name>
         <load_address>0x8680</load_address>
         <run_address>0x8680</run_address>
         <size>0xa</size>
         <input_file_ref idref="fl-a"/>
      </object_component>
      <object_component id="oc-ce">
         <name>.text:_ECAP4_ISR</name>
         <load_address>0x868a</load_address>
         <run_address>0x868a</run_address>
         <size>0xa</size>
         <input_file_ref idref="fl-a"/>
      </object_component>
      <object_component id="oc-cf">
         <name>.text:_ECAP5_ISR</name>
         <load_address>0x8694</load_address>
         <run_address>0x8694</run_address>
         <size>0xa</size>
         <input_file_ref idref="fl-a"/>
      </object_component>
      <object_component id="oc-d0">
         <name>.text:_ECAP6_ISR</name>
         <load_address>0x869e</load_address>
         <run_address>0x869e</run_address>
         <size>0xa</size>
         <input_file_ref idref="fl-a"/>
      </object_component>
      <object_component id="oc-122">
         <name>.text:_EMIF_ERROR_ISR</name>
         <load_address>0x86a8</load_address>
         <run_address>0x86a8</run_address>
         <size>0xa</size>
         <input_file_ref idref="fl-a"/>
      </object_component>
      <object_component id="oc-a4">
         <name>.text:_EMU_ISR</name>
         <load_address>0x86b2</load_address>
         <run_address>0x86b2</run_address>
         <size>0xa</size>
         <input_file_ref idref="fl-a"/>
      </object_component>
      <object_component id="oc-111">
         <name>.text:_EPWM10_ISR</name>
         <load_address>0x86bc</load_address>
         <run_address>0x86bc</run_address>
         <size>0xa</size>
         <input_file_ref idref="fl-a"/>
      </object_component>
      <object_component id="oc-10d">
         <name>.text:_EPWM10_TZ_ISR</name>
         <load_address>0x86c6</load_address>
         <run_address>0x86c6</run_address>
         <size>0xa</size>
         <input_file_ref idref="fl-a"/>
      </object_component>
      <object_component id="oc-112">
         <name>.text:_EPWM11_ISR</name>
         <load_address>0x86d0</load_address>
         <run_address>0x86d0</run_address>
         <size>0xa</size>
         <input_file_ref idref="fl-a"/>
      </object_component>
      <object_component id="oc-10e">
         <name>.text:_EPWM11_TZ_ISR</name>
         <load_address>0x86da</load_address>
         <run_address>0x86da</run_address>
         <size>0xa</size>
         <input_file_ref idref="fl-a"/>
      </object_component>
      <object_component id="oc-113">
         <name>.text:_EPWM12_ISR</name>
         <load_address>0x86e4</load_address>
         <run_address>0x86e4</run_address>
         <size>0xa</size>
         <input_file_ref idref="fl-a"/>
      </object_component>
      <object_component id="oc-10f">
         <name>.text:_EPWM12_TZ_ISR</name>
         <load_address>0x86ee</load_address>
         <run_address>0x86ee</run_address>
         <size>0xa</size>
         <input_file_ref idref="fl-a"/>
      </object_component>
      <object_component id="oc-c3">
         <name>.text:_EPWM1_ISR</name>
         <load_address>0x86f8</load_address>
         <run_address>0x86f8</run_address>
         <size>0xa</size>
         <input_file_ref idref="fl-a"/>
      </object_component>
      <object_component id="oc-bb">
         <name>.text:_EPWM1_TZ_ISR</name>
         <load_address>0x8702</load_address>
         <run_address>0x8702</run_address>
         <size>0xa</size>
         <input_file_ref idref="fl-a"/>
      </object_component>
      <object_component id="oc-c4">
         <name>.text:_EPWM2_ISR</name>
         <load_address>0x870c</load_address>
         <run_address>0x870c</run_address>
         <size>0xa</size>
         <input_file_ref idref="fl-a"/>
      </object_component>
      <object_component id="oc-bc">
         <name>.text:_EPWM2_TZ_ISR</name>
         <load_address>0x8716</load_address>
         <run_address>0x8716</run_address>
         <size>0xa</size>
         <input_file_ref idref="fl-a"/>
      </object_component>
      <object_component id="oc-c5">
         <name>.text:_EPWM3_ISR</name>
         <load_address>0x8720</load_address>
         <run_address>0x8720</run_address>
         <size>0xa</size>
         <input_file_ref idref="fl-a"/>
      </object_component>
      <object_component id="oc-bd">
         <name>.text:_EPWM3_TZ_ISR</name>
         <load_address>0x872a</load_address>
         <run_address>0x872a</run_address>
         <size>0xa</size>
         <input_file_ref idref="fl-a"/>
      </object_component>
      <object_component id="oc-c6">
         <name>.text:_EPWM4_ISR</name>
         <load_address>0x8734</load_address>
         <run_address>0x8734</run_address>
         <size>0xa</size>
         <input_file_ref idref="fl-a"/>
      </object_component>
      <object_component id="oc-be">
         <name>.text:_EPWM4_TZ_ISR</name>
         <load_address>0x873e</load_address>
         <run_address>0x873e</run_address>
         <size>0xa</size>
         <input_file_ref idref="fl-a"/>
      </object_component>
      <object_component id="oc-c7">
         <name>.text:_EPWM5_ISR</name>
         <load_address>0x8748</load_address>
         <run_address>0x8748</run_address>
         <size>0xa</size>
         <input_file_ref idref="fl-a"/>
      </object_component>
      <object_component id="oc-bf">
         <name>.text:_EPWM5_TZ_ISR</name>
         <load_address>0x8752</load_address>
         <run_address>0x8752</run_address>
         <size>0xa</size>
         <input_file_ref idref="fl-a"/>
      </object_component>
      <object_component id="oc-c8">
         <name>.text:_EPWM6_ISR</name>
         <load_address>0x875c</load_address>
         <run_address>0x875c</run_address>
         <size>0xa</size>
         <input_file_ref idref="fl-a"/>
      </object_component>
      <object_component id="oc-c0">
         <name>.text:_EPWM6_TZ_ISR</name>
         <load_address>0x8766</load_address>
         <run_address>0x8766</run_address>
         <size>0xa</size>
         <input_file_ref idref="fl-a"/>
      </object_component>
      <object_component id="oc-c9">
         <name>.text:_EPWM7_ISR</name>
         <load_address>0x8770</load_address>
         <run_address>0x8770</run_address>
         <size>0xa</size>
         <input_file_ref idref="fl-a"/>
      </object_component>
      <object_component id="oc-c1">
         <name>.text:_EPWM7_TZ_ISR</name>
         <load_address>0x877a</load_address>
         <run_address>0x877a</run_address>
         <size>0xa</size>
         <input_file_ref idref="fl-a"/>
      </object_component>
      <object_component id="oc-ca">
         <name>.text:_EPWM8_ISR</name>
         <load_address>0x8784</load_address>
         <run_address>0x8784</run_address>
         <size>0xa</size>
         <input_file_ref idref="fl-a"/>
      </object_component>
      <object_component id="oc-c2">
         <name>.text:_EPWM8_TZ_ISR</name>
         <load_address>0x878e</load_address>
         <run_address>0x878e</run_address>
         <size>0xa</size>
         <input_file_ref idref="fl-a"/>
      </object_component>
      <object_component id="oc-110">
         <name>.text:_EPWM9_ISR</name>
         <load_address>0x8798</load_address>
         <run_address>0x8798</run_address>
         <size>0xa</size>
         <input_file_ref idref="fl-a"/>
      </object_component>
      <object_component id="oc-10c">
         <name>.text:_EPWM9_TZ_ISR</name>
         <load_address>0x87a2</load_address>
         <run_address>0x87a2</run_address>
         <size>0xa</size>
         <input_file_ref idref="fl-a"/>
      </object_component>
      <object_component id="oc-d1">
         <name>.text:_EQEP1_ISR</name>
         <load_address>0x87ac</load_address>
         <run_address>0x87ac</run_address>
         <size>0xa</size>
         <input_file_ref idref="fl-a"/>
      </object_component>
      <object_component id="oc-d2">
         <name>.text:_EQEP2_ISR</name>
         <load_address>0x87b6</load_address>
         <run_address>0x87b6</run_address>
         <size>0xa</size>
         <input_file_ref idref="fl-a"/>
      </object_component>
      <object_component id="oc-d3">
         <name>.text:_EQEP3_ISR</name>
         <load_address>0x87c0</load_address>
         <run_address>0x87c0</run_address>
         <size>0xa</size>
         <input_file_ref idref="fl-a"/>
      </object_component>
      <object_component id="oc-124">
         <name>.text:_FLASH_CORRECTABLE_ERROR_ISR</name>
         <load_address>0x87ca</load_address>
         <run_address>0x87ca</run_address>
         <size>0xa</size>
         <input_file_ref idref="fl-a"/>
      </object_component>
      <object_component id="oc-106">
         <name>.text:_FPU_OVERFLOW_ISR</name>
         <load_address>0x87d4</load_address>
         <run_address>0x87d4</run_address>
         <size>0xa</size>
         <input_file_ref idref="fl-a"/>
      </object_component>
      <object_component id="oc-107">
         <name>.text:_FPU_UNDERFLOW_ISR</name>
         <load_address>0x87de</load_address>
         <run_address>0x87de</run_address>
         <size>0xa</size>
         <input_file_ref idref="fl-a"/>
      </object_component>
      <object_component id="oc-e3">
         <name>.text:_I2CA_FIFO_ISR</name>
         <load_address>0x87e8</load_address>
         <run_address>0x87e8</run_address>
         <size>0xa</size>
         <input_file_ref idref="fl-a"/>
      </object_component>
      <object_component id="oc-e2">
         <name>.text:_I2CA_ISR</name>
         <load_address>0x87f2</load_address>
         <run_address>0x87f2</run_address>
         <size>0xa</size>
         <input_file_ref idref="fl-a"/>
      </object_component>
      <object_component id="oc-e5">
         <name>.text:_I2CB_FIFO_ISR</name>
         <load_address>0x87fc</load_address>
         <run_address>0x87fc</run_address>
         <size>0xa</size>
         <input_file_ref idref="fl-a"/>
      </object_component>
      <object_component id="oc-e4">
         <name>.text:_I2CB_ISR</name>
         <load_address>0x8806</load_address>
         <run_address>0x8806</run_address>
         <size>0xa</size>
         <input_file_ref idref="fl-a"/>
      </object_component>
      <object_component id="oc-a6">
         <name>.text:_ILLEGAL_ISR</name>
         <load_address>0x8810</load_address>
         <run_address>0x8810</run_address>
         <size>0xa</size>
         <input_file_ref idref="fl-a"/>
      </object_component>
      <object_component id="oc-108">
         <name>.text:_IPC0_ISR</name>
         <load_address>0x881a</load_address>
         <run_address>0x881a</run_address>
         <size>0xa</size>
         <input_file_ref idref="fl-a"/>
      </object_component>
      <object_component id="oc-109">
         <name>.text:_IPC1_ISR</name>
         <load_address>0x8824</load_address>
         <run_address>0x8824</run_address>
         <size>0xa</size>
         <input_file_ref idref="fl-a"/>
      </object_component>
      <object_component id="oc-10a">
         <name>.text:_IPC2_ISR</name>
         <load_address>0x882e</load_address>
         <run_address>0x882e</run_address>
         <size>0xa</size>
         <input_file_ref idref="fl-a"/>
      </object_component>
      <object_component id="oc-10b">
         <name>.text:_IPC3_ISR</name>
         <load_address>0x8838</load_address>
         <run_address>0x8838</run_address>
         <size>0xa</size>
         <input_file_ref idref="fl-a"/>
      </object_component>
      <object_component id="oc-d8">
         <name>.text:_MCBSPA_RX_ISR</name>
         <load_address>0x8842</load_address>
         <run_address>0x8842</run_address>
         <size>0xa</size>
         <input_file_ref idref="fl-a"/>
      </object_component>
      <object_component id="oc-d9">
         <name>.text:_MCBSPA_TX_ISR</name>
         <load_address>0x884c</load_address>
         <run_address>0x884c</run_address>
         <size>0xa</size>
         <input_file_ref idref="fl-a"/>
      </object_component>
      <object_component id="oc-da">
         <name>.text:_MCBSPB_RX_ISR</name>
         <load_address>0x8856</load_address>
         <run_address>0x8856</run_address>
         <size>0xa</size>
         <input_file_ref idref="fl-a"/>
      </object_component>
      <object_component id="oc-db">
         <name>.text:_MCBSPB_TX_ISR</name>
         <load_address>0x8860</load_address>
         <run_address>0x8860</run_address>
         <size>0xa</size>
         <input_file_ref idref="fl-a"/>
      </object_component>
      <object_component id="oc-a5">
         <name>.text:_NMI_ISR</name>
         <load_address>0x886a</load_address>
         <run_address>0x886a</run_address>
         <size>0xa</size>
         <input_file_ref idref="fl-a"/>
      </object_component>
      <object_component id="oc-12c">
         <name>.text:_NOTUSED_ISR</name>
         <load_address>0x8874</load_address>
         <run_address>0x8874</run_address>
         <size>0xa</size>
         <input_file_ref idref="fl-a"/>
      </object_component>
      <object_component id="oc-12a">
         <name>.text:_PIE_RESERVED_ISR</name>
         <load_address>0x887e</load_address>
         <run_address>0x887e</run_address>
         <size>0xa</size>
         <input_file_ref idref="fl-a"/>
      </object_component>
      <object_component id="oc-125">
         <name>.text:_RAM_ACCESS_VIOLATION_ISR</name>
         <load_address>0x8888</load_address>
         <run_address>0x8888</run_address>
         <size>0xa</size>
         <input_file_ref idref="fl-a"/>
      </object_component>
      <object_component id="oc-123">
         <name>.text:_RAM_CORRECTABLE_ERROR_ISR</name>
         <load_address>0x8892</load_address>
         <run_address>0x8892</run_address>
         <size>0xa</size>
         <input_file_ref idref="fl-a"/>
      </object_component>
      <object_component id="oc-a3">
         <name>.text:_RTOS_ISR</name>
         <load_address>0x889c</load_address>
         <run_address>0x889c</run_address>
         <size>0xa</size>
         <input_file_ref idref="fl-a"/>
      </object_component>
      <object_component id="oc-ea">
         <name>.text:_SCIA_RX_ISR</name>
         <load_address>0x88a6</load_address>
         <run_address>0x88a6</run_address>
         <size>0xa</size>
         <input_file_ref idref="fl-a"/>
      </object_component>
      <object_component id="oc-eb">
         <name>.text:_SCIA_TX_ISR</name>
         <load_address>0x88b0</load_address>
         <run_address>0x88b0</run_address>
         <size>0xa</size>
         <input_file_ref idref="fl-a"/>
      </object_component>
      <object_component id="oc-ec">
         <name>.text:_SCIB_RX_ISR</name>
         <load_address>0x88ba</load_address>
         <run_address>0x88ba</run_address>
         <size>0xa</size>
         <input_file_ref idref="fl-a"/>
      </object_component>
      <object_component id="oc-ed">
         <name>.text:_SCIB_TX_ISR</name>
         <load_address>0x88c4</load_address>
         <run_address>0x88c4</run_address>
         <size>0xa</size>
         <input_file_ref idref="fl-a"/>
      </object_component>
      <object_component id="oc-e6">
         <name>.text:_SCIC_RX_ISR</name>
         <load_address>0x88ce</load_address>
         <run_address>0x88ce</run_address>
         <size>0xa</size>
         <input_file_ref idref="fl-a"/>
      </object_component>
      <object_component id="oc-e7">
         <name>.text:_SCIC_TX_ISR</name>
         <load_address>0x88d8</load_address>
         <run_address>0x88d8</run_address>
         <size>0xa</size>
         <input_file_ref idref="fl-a"/>
      </object_component>
      <object_component id="oc-e8">
         <name>.text:_SCID_RX_ISR</name>
         <load_address>0x88e2</load_address>
         <run_address>0x88e2</run_address>
         <size>0xa</size>
         <input_file_ref idref="fl-a"/>
      </object_component>
      <object_component id="oc-e9">
         <name>.text:_SCID_TX_ISR</name>
         <load_address>0x88ec</load_address>
         <run_address>0x88ec</run_address>
         <size>0xa</size>
         <input_file_ref idref="fl-a"/>
      </object_component>
      <object_component id="oc-114">
         <name>.text:_SD1_ISR</name>
         <load_address>0x88f6</load_address>
         <run_address>0x88f6</run_address>
         <size>0xa</size>
         <input_file_ref idref="fl-a"/>
      </object_component>
      <object_component id="oc-115">
         <name>.text:_SD2_ISR</name>
         <load_address>0x8900</load_address>
         <run_address>0x8900</run_address>
         <size>0xa</size>
         <input_file_ref idref="fl-a"/>
      </object_component>
      <object_component id="oc-d4">
         <name>.text:_SPIA_RX_ISR</name>
         <load_address>0x890a</load_address>
         <run_address>0x890a</run_address>
         <size>0xa</size>
         <input_file_ref idref="fl-a"/>
      </object_component>
      <object_component id="oc-d5">
         <name>.text:_SPIA_TX_ISR</name>
         <load_address>0x8914</load_address>
         <run_address>0x8914</run_address>
         <size>0xa</size>
         <input_file_ref idref="fl-a"/>
      </object_component>
      <object_component id="oc-d6">
         <name>.text:_SPIB_RX_ISR</name>
         <load_address>0x891e</load_address>
         <run_address>0x891e</run_address>
         <size>0xa</size>
         <input_file_ref idref="fl-a"/>
      </object_component>
      <object_component id="oc-d7">
         <name>.text:_SPIB_TX_ISR</name>
         <load_address>0x8928</load_address>
         <run_address>0x8928</run_address>
         <size>0xa</size>
         <input_file_ref idref="fl-a"/>
      </object_component>
      <object_component id="oc-116">
         <name>.text:_SPIC_RX_ISR</name>
         <load_address>0x8932</load_address>
         <run_address>0x8932</run_address>
         <size>0xa</size>
         <input_file_ref idref="fl-a"/>
      </object_component>
      <object_component id="oc-117">
         <name>.text:_SPIC_TX_ISR</name>
         <load_address>0x893c</load_address>
         <run_address>0x893c</run_address>
         <size>0xa</size>
         <input_file_ref idref="fl-a"/>
      </object_component>
      <object_component id="oc-126">
         <name>.text:_SYS_PLL_SLIP_ISR</name>
         <load_address>0x8946</load_address>
         <run_address>0x8946</run_address>
         <size>0xa</size>
         <input_file_ref idref="fl-a"/>
      </object_component>
      <object_component id="oc-20e">
         <name>.text:_SysIntOsc1Sel</name>
         <load_address>0x8950</load_address>
         <run_address>0x8950</run_address>
         <size>0xa</size>
         <input_file_ref idref="fl-10"/>
      </object_component>
      <object_component id="oc-20f">
         <name>.text:_SysIntOsc2Sel</name>
         <load_address>0x895a</load_address>
         <run_address>0x895a</run_address>
         <size>0xa</size>
         <input_file_ref idref="fl-10"/>
      </object_component>
      <object_component id="oc-b9">
         <name>.text:_TIMER0_ISR</name>
         <load_address>0x8964</load_address>
         <run_address>0x8964</run_address>
         <size>0xa</size>
         <input_file_ref idref="fl-a"/>
      </object_component>
      <object_component id="oc-a0">
         <name>.text:_TIMER1_ISR</name>
         <load_address>0x896e</load_address>
         <run_address>0x896e</run_address>
         <size>0xa</size>
         <input_file_ref idref="fl-a"/>
      </object_component>
      <object_component id="oc-a1">
         <name>.text:_TIMER2_ISR</name>
         <load_address>0x8978</load_address>
         <run_address>0x8978</run_address>
         <size>0xa</size>
         <input_file_ref idref="fl-a"/>
      </object_component>
      <object_component id="oc-118">
         <name>.text:_UPPA_ISR</name>
         <load_address>0x8982</load_address>
         <run_address>0x8982</run_address>
         <size>0xa</size>
         <input_file_ref idref="fl-a"/>
      </object_component>
      <object_component id="oc-119">
         <name>.text:_USBA_ISR</name>
         <load_address>0x898c</load_address>
         <run_address>0x898c</run_address>
         <size>0xa</size>
         <input_file_ref idref="fl-a"/>
      </object_component>
      <object_component id="oc-b0">
         <name>.text:_USER10_ISR</name>
         <load_address>0x8996</load_address>
         <run_address>0x8996</run_address>
         <size>0xa</size>
         <input_file_ref idref="fl-a"/>
      </object_component>
      <object_component id="oc-b1">
         <name>.text:_USER11_ISR</name>
         <load_address>0x89a0</load_address>
         <run_address>0x89a0</run_address>
         <size>0xa</size>
         <input_file_ref idref="fl-a"/>
      </object_component>
      <object_component id="oc-b2">
         <name>.text:_USER12_ISR</name>
         <load_address>0x89aa</load_address>
         <run_address>0x89aa</run_address>
         <size>0xa</size>
         <input_file_ref idref="fl-a"/>
      </object_component>
      <object_component id="oc-a7">
         <name>.text:_USER1_ISR</name>
         <load_address>0x89b4</load_address>
         <run_address>0x89b4</run_address>
         <size>0xa</size>
         <input_file_ref idref="fl-a"/>
      </object_component>
      <object_component id="oc-a8">
         <name>.text:_USER2_ISR</name>
         <load_address>0x89be</load_address>
         <run_address>0x89be</run_address>
         <size>0xa</size>
         <input_file_ref idref="fl-a"/>
      </object_component>
      <object_component id="oc-a9">
         <name>.text:_USER3_ISR</name>
         <load_address>0x89c8</load_address>
         <run_address>0x89c8</run_address>
         <size>0xa</size>
         <input_file_ref idref="fl-a"/>
      </object_component>
      <object_component id="oc-aa">
         <name>.text:_USER4_ISR</name>
         <load_address>0x89d2</load_address>
         <run_address>0x89d2</run_address>
         <size>0xa</size>
         <input_file_ref idref="fl-a"/>
      </object_component>
      <object_component id="oc-ab">
         <name>.text:_USER5_ISR</name>
         <load_address>0x89dc</load_address>
         <run_address>0x89dc</run_address>
         <size>0xa</size>
         <input_file_ref idref="fl-a"/>
      </object_component>
      <object_component id="oc-ac">
         <name>.text:_USER6_ISR</name>
         <load_address>0x89e6</load_address>
         <run_address>0x89e6</run_address>
         <size>0xa</size>
         <input_file_ref idref="fl-a"/>
      </object_component>
      <object_component id="oc-ad">
         <name>.text:_USER7_ISR</name>
         <load_address>0x89f0</load_address>
         <run_address>0x89f0</run_address>
         <size>0xa</size>
         <input_file_ref idref="fl-a"/>
      </object_component>
      <object_component id="oc-ae">
         <name>.text:_USER8_ISR</name>
         <load_address>0x89fa</load_address>
         <run_address>0x89fa</run_address>
         <size>0xa</size>
         <input_file_ref idref="fl-a"/>
      </object_component>
      <object_component id="oc-af">
         <name>.text:_USER9_ISR</name>
         <load_address>0x8a04</load_address>
         <run_address>0x8a04</run_address>
         <size>0xa</size>
         <input_file_ref idref="fl-a"/>
      </object_component>
      <object_component id="oc-105">
         <name>.text:_VCU_ISR</name>
         <load_address>0x8a0e</load_address>
         <run_address>0x8a0e</run_address>
         <size>0xa</size>
         <input_file_ref idref="fl-a"/>
      </object_component>
      <object_component id="oc-ba">
         <name>.text:_WAKE_ISR</name>
         <load_address>0x8a18</load_address>
         <run_address>0x8a18</run_address>
         <size>0xa</size>
         <input_file_ref idref="fl-a"/>
      </object_component>
      <object_component id="oc-b6">
         <name>.text:_XINT1_ISR</name>
         <load_address>0x8a22</load_address>
         <run_address>0x8a22</run_address>
         <size>0xa</size>
         <input_file_ref idref="fl-a"/>
      </object_component>
      <object_component id="oc-b7">
         <name>.text:_XINT2_ISR</name>
         <load_address>0x8a2c</load_address>
         <run_address>0x8a2c</run_address>
         <size>0xa</size>
         <input_file_ref idref="fl-a"/>
      </object_component>
      <object_component id="oc-102">
         <name>.text:_XINT3_ISR</name>
         <load_address>0x8a36</load_address>
         <run_address>0x8a36</run_address>
         <size>0xa</size>
         <input_file_ref idref="fl-a"/>
      </object_component>
      <object_component id="oc-103">
         <name>.text:_XINT4_ISR</name>
         <load_address>0x8a40</load_address>
         <run_address>0x8a40</run_address>
         <size>0xa</size>
         <input_file_ref idref="fl-a"/>
      </object_component>
      <object_component id="oc-104">
         <name>.text:_XINT5_ISR</name>
         <load_address>0x8a4a</load_address>
         <run_address>0x8a4a</run_address>
         <size>0xa</size>
         <input_file_ref idref="fl-a"/>
      </object_component>
      <object_component id="oc-202">
         <name>.text</name>
         <load_address>0x8a54</load_address>
         <run_address>0x8a54</run_address>
         <size>0x9</size>
         <input_file_ref idref="fl-1e"/>
      </object_component>
      <object_component id="oc-9a">
         <name>.text</name>
         <load_address>0x8a5d</load_address>
         <run_address>0x8a5d</run_address>
         <size>0x3</size>
         <input_file_ref idref="fl-9"/>
      </object_component>
      <object_component id="oc-1f6">
         <name>.text</name>
         <load_address>0x8a60</load_address>
         <run_address>0x8a60</run_address>
         <size>0x2</size>
         <input_file_ref idref="fl-1c"/>
      </object_component>
      <object_component id="oc-1f8">
         <name>.text</name>
         <load_address>0x8a62</load_address>
         <run_address>0x8a62</run_address>
         <size>0x1</size>
         <input_file_ref idref="fl-1d"/>
      </object_component>
      <object_component id="oc-206">
         <name>.TI.ramfunc:_InitFlash</name>
         <load_address>0x8a64</load_address>
         <run_address>0x8a64</run_address>
         <size>0x29</size>
         <input_file_ref idref="fl-10"/>
      </object_component>
      <object_component id="oc-1b7">
         <name>.TI.ramfunc</name>
         <load_address>0x8a8d</load_address>
         <run_address>0x8a8d</run_address>
         <size>0x4</size>
         <input_file_ref idref="fl-13"/>
      </object_component>
      <object_component id="oc-1bc">
         <name>.stack</name>
         <uninitialized>true</uninitialized>
         <run_address>0x400</run_address>
         <size>0x0</size>
         <input_file_ref idref="fl-16"/>
      </object_component>
      <object_component id="oc-296">
         <name>.stack</name>
         <uninitialized>true</uninitialized>
         <run_address>0x400</run_address>
         <size>0x0</size>
      </object_component>
      <object_component id="oc-20a">
         <name>.econst:_PieVectTableInit</name>
         <load_address>0x139c8</load_address>
         <run_address>0x139c8</run_address>
         <size>0x1c0</size>
         <input_file_ref idref="fl-f"/>
      </object_component>
      <object_component id="oc-95">
         <name>codestart</name>
         <load_address>0x0</load_address>
         <run_address>0x0</run_address>
         <size>0x2</size>
         <input_file_ref idref="fl-8"/>
      </object_component>
      <object_component id="oc-1bd">
         <name>.reset</name>
         <load_address>0x8a92</load_address>
         <run_address>0x8a92</run_address>
         <size>0x2</size>
         <input_file_ref idref="fl-16"/>
      </object_component>
      <object_component id="oc-1b4">
         <name>.cinit</name>
         <load_address>0xb000</load_address>
         <run_address>0xb000</run_address>
         <size>0x90</size>
         <input_file_ref idref="fl-12"/>
      </object_component>
      <object_component id="oc-87">
         <name>.cinit</name>
         <load_address>0xb090</load_address>
         <run_address>0xb090</run_address>
         <size>0x4f</size>
         <input_file_ref idref="fl-6"/>
      </object_component>
      <object_component id="oc-1cd">
         <name>.cinit</name>
         <load_address>0xb0df</load_address>
         <run_address>0xb0df</run_address>
         <size>0xe</size>
         <input_file_ref idref="fl-1b"/>
      </object_component>
      <object_component id="oc-1fd">
         <name>.cinit:__lock</name>
         <load_address>0xb0ed</load_address>
         <run_address>0xb0ed</run_address>
         <size>0x5</size>
         <input_file_ref idref="fl-1e"/>
      </object_component>
      <object_component id="oc-203">
         <name>.cinit:__unlock</name>
         <load_address>0xb0f2</load_address>
         <run_address>0xb0f2</run_address>
         <size>0x5</size>
         <input_file_ref idref="fl-1e"/>
      </object_component>
      <object_component id="oc-192">
         <name>PieVectTableFile</name>
         <uninitialized>true</uninitialized>
         <run_address>0xd00</run_address>
         <size>0x1c0</size>
         <input_file_ref idref="fl-b"/>
      </object_component>
      <object_component id="oc-132">
         <name>EmuKeyVar</name>
         <uninitialized>true</uninitialized>
         <run_address>0xd00</run_address>
         <size>0x1</size>
         <input_file_ref idref="fl-b"/>
      </object_component>
      <object_component id="oc-133">
         <name>EmuBModeVar</name>
         <uninitialized>true</uninitialized>
         <run_address>0xd01</run_address>
         <size>0x1</size>
         <input_file_ref idref="fl-b"/>
      </object_component>
      <object_component id="oc-14a">
         <name>AdcaResultFile</name>
         <uninitialized>true</uninitialized>
         <run_address>0xb00</run_address>
         <size>0x18</size>
         <input_file_ref idref="fl-b"/>
      </object_component>
      <object_component id="oc-149">
         <name>AdcbResultFile</name>
         <uninitialized>true</uninitialized>
         <run_address>0xb20</run_address>
         <size>0x18</size>
         <input_file_ref idref="fl-b"/>
      </object_component>
      <object_component id="oc-14c">
         <name>AdccResultFile</name>
         <uninitialized>true</uninitialized>
         <run_address>0xb40</run_address>
         <size>0x18</size>
         <input_file_ref idref="fl-b"/>
      </object_component>
      <object_component id="oc-14b">
         <name>AdcdResultFile</name>
         <uninitialized>true</uninitialized>
         <run_address>0xb60</run_address>
         <size>0x18</size>
         <input_file_ref idref="fl-b"/>
      </object_component>
      <object_component id="oc-17d">
         <name>AdcaRegsFile</name>
         <uninitialized>true</uninitialized>
         <run_address>0x7400</run_address>
         <size>0x80</size>
         <input_file_ref idref="fl-b"/>
      </object_component>
      <object_component id="oc-17c">
         <name>AdcbRegsFile</name>
         <uninitialized>true</uninitialized>
         <run_address>0x7480</run_address>
         <size>0x80</size>
         <input_file_ref idref="fl-b"/>
      </object_component>
      <object_component id="oc-17a">
         <name>AdccRegsFile</name>
         <uninitialized>true</uninitialized>
         <run_address>0x7500</run_address>
         <size>0x80</size>
         <input_file_ref idref="fl-b"/>
      </object_component>
      <object_component id="oc-17b">
         <name>AdcdRegsFile</name>
         <uninitialized>true</uninitialized>
         <run_address>0x7580</run_address>
         <size>0x80</size>
         <input_file_ref idref="fl-b"/>
      </object_component>
      <object_component id="oc-177">
         <name>AnalogSubsysRegsFile</name>
         <uninitialized>true</uninitialized>
         <run_address>0x5d180</run_address>
         <size>0x48</size>
         <input_file_ref idref="fl-b"/>
      </object_component>
      <object_component id="oc-171">
         <name>Cla1RegsFile</name>
         <uninitialized>true</uninitialized>
         <run_address>0x1400</run_address>
         <size>0x3e</size>
         <input_file_ref idref="fl-b"/>
      </object_component>
      <object_component id="oc-137">
         <name>Cla1SoftIntRegsFile</name>
         <uninitialized>true</uninitialized>
         <run_address>0xce0</run_address>
         <size>0x4</size>
         <input_file_ref idref="fl-b"/>
      </object_component>
      <object_component id="oc-15d">
         <name>Cmpss1RegsFile</name>
         <uninitialized>true</uninitialized>
         <run_address>0x5c80</run_address>
         <size>0x20</size>
         <input_file_ref idref="fl-b"/>
      </object_component>
      <object_component id="oc-15c">
         <name>Cmpss2RegsFile</name>
         <uninitialized>true</uninitialized>
         <run_address>0x5ca0</run_address>
         <size>0x20</size>
         <input_file_ref idref="fl-b"/>
      </object_component>
      <object_component id="oc-15f">
         <name>Cmpss3RegsFile</name>
         <uninitialized>true</uninitialized>
         <run_address>0x5cc0</run_address>
         <size>0x20</size>
         <input_file_ref idref="fl-b"/>
      </object_component>
      <object_component id="oc-15e">
         <name>Cmpss4RegsFile</name>
         <uninitialized>true</uninitialized>
         <run_address>0x5ce0</run_address>
         <size>0x20</size>
         <input_file_ref idref="fl-b"/>
      </object_component>
      <object_component id="oc-162">
         <name>Cmpss5RegsFile</name>
         <uninitialized>true</uninitialized>
         <run_address>0x5d00</run_address>
         <size>0x20</size>
         <input_file_ref idref="fl-b"/>
      </object_component>
      <object_component id="oc-158">
         <name>Cmpss6RegsFile</name>
         <uninitialized>true</uninitialized>
         <run_address>0x5d20</run_address>
         <size>0x20</size>
         <input_file_ref idref="fl-b"/>
      </object_component>
      <object_component id="oc-157">
         <name>Cmpss7RegsFile</name>
         <uninitialized>true</uninitialized>
         <run_address>0x5d40</run_address>
         <size>0x20</size>
         <input_file_ref idref="fl-b"/>
      </object_component>
      <object_component id="oc-15a">
         <name>Cmpss8RegsFile</name>
         <uninitialized>true</uninitialized>
         <run_address>0x5d60</run_address>
         <size>0x20</size>
         <input_file_ref idref="fl-b"/>
      </object_component>
      <object_component id="oc-13f">
         <name>CpuTimer0RegsFile</name>
         <uninitialized>true</uninitialized>
         <run_address>0xc00</run_address>
         <size>0x8</size>
         <input_file_ref idref="fl-b"/>
      </object_component>
      <object_component id="oc-140">
         <name>CpuTimer1RegsFile</name>
         <uninitialized>true</uninitialized>
         <run_address>0xc08</run_address>
         <size>0x8</size>
         <input_file_ref idref="fl-b"/>
      </object_component>
      <object_component id="oc-13d">
         <name>CpuTimer2RegsFile</name>
         <uninitialized>true</uninitialized>
         <run_address>0xc10</run_address>
         <size>0x8</size>
         <input_file_ref idref="fl-b"/>
      </object_component>
      <object_component id="oc-13a">
         <name>DacaRegsFile</name>
         <uninitialized>true</uninitialized>
         <run_address>0x5c00</run_address>
         <size>0x8</size>
         <input_file_ref idref="fl-b"/>
      </object_component>
      <object_component id="oc-13b">
         <name>DacbRegsFile</name>
         <uninitialized>true</uninitialized>
         <run_address>0x5c10</run_address>
         <size>0x8</size>
         <input_file_ref idref="fl-b"/>
      </object_component>
      <object_component id="oc-13c">
         <name>DaccRegsFile</name>
         <uninitialized>true</uninitialized>
         <run_address>0x5c20</run_address>
         <size>0x8</size>
         <input_file_ref idref="fl-b"/>
      </object_component>
      <object_component id="oc-16c">
         <name>DcsmZ1RegsFile</name>
         <uninitialized>true</uninitialized>
         <run_address>0x5f000</run_address>
         <size>0x24</size>
         <input_file_ref idref="fl-b"/>
      </object_component>
      <object_component id="oc-16a">
         <name>DcsmZ2RegsFile</name>
         <uninitialized>true</uninitialized>
         <run_address>0x5f040</run_address>
         <size>0x24</size>
         <input_file_ref idref="fl-b"/>
      </object_component>
      <object_component id="oc-13e">
         <name>DcsmCommonRegsFile</name>
         <uninitialized>true</uninitialized>
         <run_address>0x5f070</run_address>
         <size>0x8</size>
         <input_file_ref idref="fl-b"/>
      </object_component>
      <object_component id="oc-159">
         <name>DcsmZ1OtpFile</name>
         <uninitialized>true</uninitialized>
         <run_address>0x78000</run_address>
         <size>0x20</size>
         <input_file_ref idref="fl-b"/>
      </object_component>
      <object_component id="oc-15b">
         <name>DcsmZ2OtpFile</name>
         <uninitialized>true</uninitialized>
         <run_address>0x78200</run_address>
         <size>0x20</size>
         <input_file_ref idref="fl-b"/>
      </object_component>
      <object_component id="oc-182">
         <name>DmaRegsFile</name>
         <uninitialized>true</uninitialized>
         <run_address>0x1000</run_address>
         <size>0xe0</size>
         <input_file_ref idref="fl-b"/>
      </object_component>
      <object_component id="oc-14e">
         <name>DmaClaSrcSelRegsFile</name>
         <uninitialized>true</uninitialized>
         <run_address>0x7980</run_address>
         <size>0x1a</size>
         <input_file_ref idref="fl-b"/>
      </object_component>
      <object_component id="oc-161">
         <name>ECap1RegsFile</name>
         <uninitialized>true</uninitialized>
         <run_address>0x5000</run_address>
         <size>0x20</size>
         <input_file_ref idref="fl-b"/>
      </object_component>
      <object_component id="oc-160">
         <name>ECap2RegsFile</name>
         <uninitialized>true</uninitialized>
         <run_address>0x5020</run_address>
         <size>0x20</size>
         <input_file_ref idref="fl-b"/>
      </object_component>
      <object_component id="oc-14f">
         <name>ECap3RegsFile</name>
         <uninitialized>true</uninitialized>
         <run_address>0x5040</run_address>
         <size>0x20</size>
         <input_file_ref idref="fl-b"/>
      </object_component>
      <object_component id="oc-151">
         <name>ECap4RegsFile</name>
         <uninitialized>true</uninitialized>
         <run_address>0x5060</run_address>
         <size>0x20</size>
         <input_file_ref idref="fl-b"/>
      </object_component>
      <object_component id="oc-156">
         <name>ECap5RegsFile</name>
         <uninitialized>true</uninitialized>
         <run_address>0x5080</run_address>
         <size>0x20</size>
         <input_file_ref idref="fl-b"/>
      </object_component>
      <object_component id="oc-150">
         <name>ECap6RegsFile</name>
         <uninitialized>true</uninitialized>
         <run_address>0x50a0</run_address>
         <size>0x20</size>
         <input_file_ref idref="fl-b"/>
      </object_component>
      <object_component id="oc-178">
         <name>Emif1RegsFile</name>
         <uninitialized>true</uninitialized>
         <run_address>0x47000</run_address>
         <size>0x70</size>
         <input_file_ref idref="fl-b"/>
      </object_component>
      <object_component id="oc-179">
         <name>Emif2RegsFile</name>
         <uninitialized>true</uninitialized>
         <run_address>0x47800</run_address>
         <size>0x70</size>
         <input_file_ref idref="fl-b"/>
      </object_component>
      <object_component id="oc-187">
         <name>EPwm1RegsFile</name>
         <uninitialized>true</uninitialized>
         <run_address>0x4000</run_address>
         <size>0x100</size>
         <input_file_ref idref="fl-b"/>
      </object_component>
      <object_component id="oc-186">
         <name>EPwm2RegsFile</name>
         <uninitialized>true</uninitialized>
         <run_address>0x4100</run_address>
         <size>0x100</size>
         <input_file_ref idref="fl-b"/>
      </object_component>
      <object_component id="oc-189">
         <name>EPwm3RegsFile</name>
         <uninitialized>true</uninitialized>
         <run_address>0x4200</run_address>
         <size>0x100</size>
         <input_file_ref idref="fl-b"/>
      </object_component>
      <object_component id="oc-184">
         <name>EPwm4RegsFile</name>
         <uninitialized>true</uninitialized>
         <run_address>0x4300</run_address>
         <size>0x100</size>
         <input_file_ref idref="fl-b"/>
      </object_component>
      <object_component id="oc-183">
         <name>EPwm5RegsFile</name>
         <uninitialized>true</uninitialized>
         <run_address>0x4400</run_address>
         <size>0x100</size>
         <input_file_ref idref="fl-b"/>
      </object_component>
      <object_component id="oc-188">
         <name>EPwm6RegsFile</name>
         <uninitialized>true</uninitialized>
         <run_address>0x4500</run_address>
         <size>0x100</size>
         <input_file_ref idref="fl-b"/>
      </object_component>
      <object_component id="oc-185">
         <name>EPwm7RegsFile</name>
         <uninitialized>true</uninitialized>
         <run_address>0x4600</run_address>
         <size>0x100</size>
         <input_file_ref idref="fl-b"/>
      </object_component>
      <object_component id="oc-18e">
         <name>EPwm8RegsFile</name>
         <uninitialized>true</uninitialized>
         <run_address>0x4700</run_address>
         <size>0x100</size>
         <input_file_ref idref="fl-b"/>
      </object_component>
      <object_component id="oc-18c">
         <name>EPwm9RegsFile</name>
         <uninitialized>true</uninitialized>
         <run_address>0x4800</run_address>
         <size>0x100</size>
         <input_file_ref idref="fl-b"/>
      </object_component>
      <object_component id="oc-18d">
         <name>EPwm10RegsFile</name>
         <uninitialized>true</uninitialized>
         <run_address>0x4900</run_address>
         <size>0x100</size>
         <input_file_ref idref="fl-b"/>
      </object_component>
      <object_component id="oc-18a">
         <name>EPwm11RegsFile</name>
         <uninitialized>true</uninitialized>
         <run_address>0x4a00</run_address>
         <size>0x100</size>
         <input_file_ref idref="fl-b"/>
      </object_component>
      <object_component id="oc-18b">
         <name>EPwm12RegsFile</name>
         <uninitialized>true</uninitialized>
         <run_address>0x4b00</run_address>
         <size>0x100</size>
         <input_file_ref idref="fl-b"/>
      </object_component>
      <object_component id="oc-174">
         <name>EPwmXbarRegsFile</name>
         <uninitialized>true</uninitialized>
         <run_address>0x7a00</run_address>
         <size>0x40</size>
         <input_file_ref idref="fl-b"/>
      </object_component>
      <object_component id="oc-167">
         <name>EQep1RegsFile</name>
         <uninitialized>true</uninitialized>
         <run_address>0x5100</run_address>
         <size>0x22</size>
         <input_file_ref idref="fl-b"/>
      </object_component>
      <object_component id="oc-165">
         <name>EQep2RegsFile</name>
         <uninitialized>true</uninitialized>
         <run_address>0x5140</run_address>
         <size>0x22</size>
         <input_file_ref idref="fl-b"/>
      </object_component>
      <object_component id="oc-163">
         <name>EQep3RegsFile</name>
         <uninitialized>true</uninitialized>
         <run_address>0x5180</run_address>
         <size>0x22</size>
         <input_file_ref idref="fl-b"/>
      </object_component>
      <object_component id="oc-191">
         <name>Flash0CtrlRegsFile</name>
         <uninitialized>true</uninitialized>
         <run_address>0x5f800</run_address>
         <size>0x182</size>
         <input_file_ref idref="fl-b"/>
      </object_component>
      <object_component id="oc-16d">
         <name>Flash0EccRegsFile</name>
         <uninitialized>true</uninitialized>
         <run_address>0x5fb00</run_address>
         <size>0x28</size>
         <input_file_ref idref="fl-b"/>
      </object_component>
      <object_component id="oc-190">
         <name>GpioCtrlRegsFile</name>
         <uninitialized>true</uninitialized>
         <run_address>0x7c00</run_address>
         <size>0x180</size>
         <input_file_ref idref="fl-b"/>
      </object_component>
      <object_component id="oc-16f">
         <name>GpioDataRegsFile</name>
         <uninitialized>true</uninitialized>
         <run_address>0x7f00</run_address>
         <size>0x30</size>
         <input_file_ref idref="fl-b"/>
      </object_component>
      <object_component id="oc-175">
         <name>OutputXbarRegsFile</name>
         <uninitialized>true</uninitialized>
         <run_address>0x7a80</run_address>
         <size>0x40</size>
         <input_file_ref idref="fl-b"/>
      </object_component>
      <object_component id="oc-166">
         <name>I2caRegsFile</name>
         <uninitialized>true</uninitialized>
         <run_address>0x7300</run_address>
         <size>0x22</size>
         <input_file_ref idref="fl-b"/>
      </object_component>
      <object_component id="oc-164">
         <name>I2cbRegsFile</name>
         <uninitialized>true</uninitialized>
         <run_address>0x7340</run_address>
         <size>0x22</size>
         <input_file_ref idref="fl-b"/>
      </object_component>
      <object_component id="oc-154">
         <name>InputXbarRegsFile</name>
         <uninitialized>true</uninitialized>
         <run_address>0x7900</run_address>
         <size>0x20</size>
         <input_file_ref idref="fl-b"/>
      </object_component>
      <object_component id="oc-155">
         <name>XbarRegsFile</name>
         <uninitialized>true</uninitialized>
         <run_address>0x7920</run_address>
         <size>0x20</size>
         <input_file_ref idref="fl-b"/>
      </object_component>
      <object_component id="oc-168">
         <name>IpcRegsFile</name>
         <uninitialized>true</uninitialized>
         <run_address>0x50000</run_address>
         <size>0x24</size>
         <input_file_ref idref="fl-b"/>
      </object_component>
      <object_component id="oc-134">
         <name>FlashPumpSemaphoreRegsFile</name>
         <uninitialized>true</uninitialized>
         <run_address>0x50024</run_address>
         <size>0x2</size>
         <input_file_ref idref="fl-b"/>
      </object_component>
      <object_component id="oc-136">
         <name>RomPrefetchRegsFile</name>
         <uninitialized>true</uninitialized>
         <run_address>0x5e608</run_address>
         <size>0x2</size>
         <input_file_ref idref="fl-b"/>
      </object_component>
      <object_component id="oc-17f">
         <name>MemCfgRegsFile</name>
         <uninitialized>true</uninitialized>
         <run_address>0x5f400</run_address>
         <size>0x80</size>
         <input_file_ref idref="fl-b"/>
      </object_component>
      <object_component id="oc-152">
         <name>Emif1ConfigRegsFile</name>
         <uninitialized>true</uninitialized>
         <run_address>0x5f480</run_address>
         <size>0x20</size>
         <input_file_ref idref="fl-b"/>
      </object_component>
      <object_component id="oc-153">
         <name>Emif2ConfigRegsFile</name>
         <uninitialized>true</uninitialized>
         <run_address>0x5f4a0</run_address>
         <size>0x20</size>
         <input_file_ref idref="fl-b"/>
      </object_component>
      <object_component id="oc-173">
         <name>AccessProtectionRegsFile</name>
         <uninitialized>true</uninitialized>
         <run_address>0x5f4c0</run_address>
         <size>0x40</size>
         <input_file_ref idref="fl-b"/>
      </object_component>
      <object_component id="oc-172">
         <name>MemoryErrorRegsFile</name>
         <uninitialized>true</uninitialized>
         <run_address>0x5f500</run_address>
         <size>0x40</size>
         <input_file_ref idref="fl-b"/>
      </object_component>
      <object_component id="oc-135">
         <name>RomWaitStateRegsFile</name>
         <uninitialized>true</uninitialized>
         <run_address>0x5f540</run_address>
         <size>0x2</size>
         <input_file_ref idref="fl-b"/>
      </object_component>
      <object_component id="oc-169">
         <name>McbspaRegsFile</name>
         <uninitialized>true</uninitialized>
         <run_address>0x6000</run_address>
         <size>0x24</size>
         <input_file_ref idref="fl-b"/>
      </object_component>
      <object_component id="oc-16b">
         <name>McbspbRegsFile</name>
         <uninitialized>true</uninitialized>
         <run_address>0x6040</run_address>
         <size>0x24</size>
         <input_file_ref idref="fl-b"/>
      </object_component>
      <object_component id="oc-176">
         <name>UppRegsFile</name>
         <uninitialized>true</uninitialized>
         <run_address>0x6200</run_address>
         <size>0x48</size>
         <input_file_ref idref="fl-b"/>
      </object_component>
      <object_component id="oc-139">
         <name>NmiIntruptRegsFile</name>
         <uninitialized>true</uninitialized>
         <run_address>0x7060</run_address>
         <size>0x7</size>
         <input_file_ref idref="fl-b"/>
      </object_component>
      <object_component id="oc-14d">
         <name>PieCtrlRegsFile</name>
         <uninitialized>true</uninitialized>
         <run_address>0xce0</run_address>
         <size>0x1a</size>
         <input_file_ref idref="fl-b"/>
      </object_component>
      <object_component id="oc-147">
         <name>SciaRegsFile</name>
         <uninitialized>true</uninitialized>
         <run_address>0x7200</run_address>
         <size>0x10</size>
         <input_file_ref idref="fl-b"/>
      </object_component>
      <object_component id="oc-148">
         <name>ScibRegsFile</name>
         <uninitialized>true</uninitialized>
         <run_address>0x7210</run_address>
         <size>0x10</size>
         <input_file_ref idref="fl-b"/>
      </object_component>
      <object_component id="oc-146">
         <name>ScicRegsFile</name>
         <uninitialized>true</uninitialized>
         <run_address>0x7220</run_address>
         <size>0x10</size>
         <input_file_ref idref="fl-b"/>
      </object_component>
      <object_component id="oc-145">
         <name>ScidRegsFile</name>
         <uninitialized>true</uninitialized>
         <run_address>0x7230</run_address>
         <size>0x10</size>
         <input_file_ref idref="fl-b"/>
      </object_component>
      <object_component id="oc-17e">
         <name>Sdfm1RegsFile</name>
         <uninitialized>true</uninitialized>
         <run_address>0x5e00</run_address>
         <size>0x80</size>
         <input_file_ref idref="fl-b"/>
      </object_component>
      <object_component id="oc-180">
         <name>Sdfm2RegsFile</name>
         <uninitialized>true</uninitialized>
         <run_address>0x5e80</run_address>
         <size>0x80</size>
         <input_file_ref idref="fl-b"/>
      </object_component>
      <object_component id="oc-142">
         <name>SpiaRegsFile</name>
         <uninitialized>true</uninitialized>
         <run_address>0x6100</run_address>
         <size>0x10</size>
         <input_file_ref idref="fl-b"/>
      </object_component>
      <object_component id="oc-144">
         <name>SpibRegsFile</name>
         <uninitialized>true</uninitialized>
         <run_address>0x6110</run_address>
         <size>0x10</size>
         <input_file_ref idref="fl-b"/>
      </object_component>
      <object_component id="oc-143">
         <name>SpicRegsFile</name>
         <uninitialized>true</uninitialized>
         <run_address>0x6120</run_address>
         <size>0x10</size>
         <input_file_ref idref="fl-b"/>
      </object_component>
      <object_component id="oc-18f">
         <name>DevCfgRegsFile</name>
         <uninitialized>true</uninitialized>
         <run_address>0x5d000</run_address>
         <size>0x12e</size>
         <input_file_ref idref="fl-b"/>
      </object_component>
      <object_component id="oc-170">
         <name>ClkCfgRegsFile</name>
         <uninitialized>true</uninitialized>
         <run_address>0x5d200</run_address>
         <size>0x32</size>
         <input_file_ref idref="fl-b"/>
      </object_component>
      <object_component id="oc-181">
         <name>CpuSysRegsFile</name>
         <uninitialized>true</uninitialized>
         <run_address>0x5d300</run_address>
         <size>0x82</size>
         <input_file_ref idref="fl-b"/>
      </object_component>
      <object_component id="oc-138">
         <name>SyncSocRegsFile</name>
         <uninitialized>true</uninitialized>
         <run_address>0x7940</run_address>
         <size>0x6</size>
         <input_file_ref idref="fl-b"/>
      </object_component>
      <object_component id="oc-16e">
         <name>WdRegsFile</name>
         <uninitialized>true</uninitialized>
         <run_address>0x7000</run_address>
         <size>0x2b</size>
         <input_file_ref idref="fl-b"/>
      </object_component>
      <object_component id="oc-141">
         <name>XintRegsFile</name>
         <uninitialized>true</uninitialized>
         <run_address>0x7070</run_address>
         <size>0xb</size>
         <input_file_ref idref="fl-b"/>
      </object_component>
      <object_component id="oc-82">
         <name>.debug_info</name>
         <load_address>0x0</load_address>
         <run_address>0x0</run_address>
         <size>0x146</size>
         <input_file_ref idref="fl-5"/>
      </object_component>
      <object_component id="oc-86">
         <name>.debug_info</name>
         <load_address>0x146</load_address>
         <run_address>0x146</run_address>
         <size>0xd2d</size>
         <input_file_ref idref="fl-6"/>
      </object_component>
      <object_component id="oc-90">
         <name>.debug_info</name>
         <load_address>0xe73</load_address>
         <run_address>0xe73</run_address>
         <size>0x469a</size>
         <input_file_ref idref="fl-7"/>
      </object_component>
      <object_component id="oc-96">
         <name>.debug_info</name>
         <load_address>0x550d</load_address>
         <run_address>0x550d</run_address>
         <size>0x162</size>
         <input_file_ref idref="fl-8"/>
      </object_component>
      <object_component id="oc-9b">
         <name>.debug_info</name>
         <load_address>0x566f</load_address>
         <run_address>0x566f</run_address>
         <size>0x15b</size>
         <input_file_ref idref="fl-9"/>
      </object_component>
      <object_component id="oc-9f">
         <name>.debug_info</name>
         <load_address>0x57ca</load_address>
         <run_address>0x57ca</run_address>
         <size>0x44c9</size>
         <input_file_ref idref="fl-a"/>
      </object_component>
      <object_component id="oc-131">
         <name>.debug_info</name>
         <load_address>0x9c93</load_address>
[...]
      <symbol id="sm-4a1">
         <name>_RomPrefetchRegs</name>
         <value>0x5e608</value>
         <object_component_ref idref="oc-136"/>
      </symbol>
      <symbol id="sm-4a2">
         <name>_Cmpss4Regs</name>
         <value>0x5ce0</value>
         <object_component_ref idref="oc-15e"/>
      </symbol>
      <symbol id="sm-4a3">
         <name>_EPwm5Regs</name>
         <value>0x4400</value>
         <object_component_ref idref="oc-183"/>
      </symbol>
      <symbol id="sm-4a4">
         <name>_UppRegs</name>
         <value>0x6200</value>
         <object_component_ref idref="oc-176"/>
      </symbol>
      <symbol id="sm-4a5">
         <name>_SpiaRegs</name>
         <value>0x6100</value>
         <object_component_ref idref="oc-142"/>
      </symbol>
      <symbol id="sm-4a6">
         <name>_CpuSysRegs</name>
         <value>0x5d300</value>
         <object_component_ref idref="oc-181"/>
      </symbol>
      <symbol id="sm-4a7">
         <name>_Cla1SoftIntRegs</name>
         <value>0xce0</value>
         <object_component_ref idref="oc-137"/>
      </symbol>
      <symbol id="sm-4a8">
         <name>_ECap6Regs</name>
         <value>0x50a0</value>
         <object_component_ref idref="oc-150"/>
      </symbol>
      <symbol id="sm-4a9">
         <name>_DmaRegs</name>
         <value>0x1000</value>
         <object_component_ref idref="oc-182"/>
      </symbol>
      <symbol id="sm-4aa">
         <name>_XintRegs</name>
         <value>0x7070</value>
         <object_component_ref idref="oc-141"/>
      </symbol>
      <symbol id="sm-4ab">
         <name>_CpuTimer0Regs</name>
         <value>0xc00</value>
         <object_component_ref idref="oc-13f"/>
      </symbol>
      <symbol id="sm-4ac">
         <name>_Cmpss5Regs</name>
         <value>0x5d00</value>
         <object_component_ref idref="oc-162"/>
      </symbol>
      <symbol id="sm-4ad">
         <name>_Emif1Regs</name>
         <value>0x47000</value>
         <object_component_ref idref="oc-178"/>
      </symbol>
      <symbol id="sm-4ae">
         <name>_AccessProtectionRegs</name>
         <value>0x5f4c0</value>
         <object_component_ref idref="oc-173"/>
      </symbol>
      <symbol id="sm-4af">
         <name>_MemCfgRegs</name>
         <value>0x5f400</value>
         <object_component_ref idref="oc-17f"/>
      </symbol>
      <symbol id="sm-4b0">
         <name>_DacaRegs</name>
         <value>0x5c00</value>
         <object_component_ref idref="oc-13a"/>
      </symbol>
      <symbol id="sm-4b1">
         <name>_McbspbRegs</name>
         <value>0x6040</value>
         <object_component_ref idref="oc-16b"/>
      </symbol>
      <symbol id="sm-4b2">
         <name>_EPwm6Regs</name>
         <value>0x4500</value>
         <object_component_ref idref="oc-188"/>
      </symbol>
      <symbol id="sm-4b3">
         <name>_AdcaRegs</name>
         <value>0x7400</value>
         <object_component_ref idref="oc-17d"/>
      </symbol>
      <symbol id="sm-4b4">
         <name>_SciaRegs</name>
         <value>0x7200</value>
         <object_component_ref idref="oc-147"/>
      </symbol>
      <symbol id="sm-4b5">
         <name>_EPwm11Regs</name>
         <value>0x4a00</value>
         <object_component_ref idref="oc-18a"/>
      </symbol>
      <symbol id="sm-4b6">
         <name>_GpioDataRegs</name>
         <value>0x7f00</value>
         <object_component_ref idref="oc-16f"/>
      </symbol>
      <symbol id="sm-4b7">
         <name>_Sdfm1Regs</name>
         <value>0x5e00</value>
         <object_component_ref idref="oc-17e"/>
      </symbol>
      <symbol id="sm-4b8">
         <name>_Cmpss2Regs</name>
         <value>0x5ca0</value>
         <object_component_ref idref="oc-15c"/>
      </symbol>
      <symbol id="sm-4b9">
         <name>_Emif2Regs</name>
         <value>0x47800</value>
         <object_component_ref idref="oc-179"/>
      </symbol>
      <symbol id="sm-4ba">
         <name>_DcsmZ1Regs</name>
         <value>0x5f000</value>
         <object_component_ref idref="oc-16c"/>
      </symbol>
      <symbol id="sm-4bb">
         <name>_Flash0CtrlRegs</name>
         <value>0x5f800</value>
         <object_component_ref idref="oc-191"/>
      </symbol>
      <symbol id="sm-4bc">
         <name>_EPwm7Regs</name>
         <value>0x4600</value>
         <object_component_ref idref="oc-185"/>
      </symbol>
      <symbol id="sm-4bd">
         <name>_SpicRegs</name>
         <value>0x6120</value>
         <object_component_ref idref="oc-143"/>
      </symbol>
      <symbol id="sm-4be">
         <name>_EPwm10Regs</name>
         <value>0x4900</value>
         <object_component_ref idref="oc-18d"/>
      </symbol>
      <symbol id="sm-4bf">
         <name>_CpuTimer2Regs</name>
         <value>0xc10</value>
         <object_component_ref idref="oc-13d"/>
      </symbol>
      <symbol id="sm-4c0">
         <name>_DmaClaSrcSelRegs</name>
         <value>0x7980</value>
         <object_component_ref idref="oc-14e"/>
      </symbol>
      <symbol id="sm-4c1">
         <name>_AnalogSubsysRegs</name>
         <value>0x5d180</value>
         <object_component_ref idref="oc-177"/>
      </symbol>
      <symbol id="sm-4c2">
         <name>_Cmpss3Regs</name>
         <value>0x5cc0</value>
         <object_component_ref idref="oc-15f"/>
      </symbol>
      <symbol id="sm-4c3">
         <name>_DaccRegs</name>
         <value>0x5c20</value>
         <object_component_ref idref="oc-13c"/>
      </symbol>
      <symbol id="sm-4c4">
         <name>_PieCtrlRegs</name>
         <value>0xce0</value>
         <object_component_ref idref="oc-14d"/>
      </symbol>
      <symbol id="sm-4c5">
         <name>_DevCfgRegs</name>
         <value>0x5d000</value>
         <object_component_ref idref="oc-18f"/>
      </symbol>
      <symbol id="sm-4c6">
         <name>_SpibRegs</name>
         <value>0x6110</value>
         <object_component_ref idref="oc-144"/>
      </symbol>
      <symbol id="sm-4c7">
         <name>_AdccRegs</name>
         <value>0x7500</value>
         <object_component_ref idref="oc-17a"/>
      </symbol>
      <symbol id="sm-4c8">
         <name>_ScicRegs</name>
         <value>0x7220</value>
         <object_component_ref idref="oc-146"/>
      </symbol>
      <symbol id="sm-4c9">
         <name>_ECap1Regs</name>
         <value>0x5000</value>
         <object_component_ref idref="oc-161"/>
      </symbol>
      <symbol id="sm-4ca">
         <name>_EmuKey</name>
         <value>0xd00</value>
         <object_component_ref idref="oc-132"/>
      </symbol>
      <symbol id="sm-4cb">
         <name>_OutputXbarRegs</name>
         <value>0x7a80</value>
         <object_component_ref idref="oc-175"/>
      </symbol>
      <symbol id="sm-4cc">
         <name>_MemoryErrorRegs</name>
         <value>0x5f500</value>
         <object_component_ref idref="oc-172"/>
      </symbol>
      <symbol id="sm-4cd">
         <name>_Cla1Regs</name>
         <value>0x1400</value>
         <object_component_ref idref="oc-171"/>
      </symbol>
      <symbol id="sm-4ce">
         <name>_DcsmZ2Otp</name>
         <value>0x78200</value>
         <object_component_ref idref="oc-15b"/>
      </symbol>
      <symbol id="sm-4cf">
         <name>_EQep1Regs</name>
         <value>0x5100</value>
         <object_component_ref idref="oc-167"/>
      </symbol>
      <symbol id="sm-4d0">
         <name>_DacbRegs</name>
         <value>0x5c10</value>
         <object_component_ref idref="oc-13b"/>
      </symbol>
      <symbol id="sm-4d1">
         <name>_McbspaRegs</name>
         <value>0x6000</value>
         <object_component_ref idref="oc-169"/>
      </symbol>
      <symbol id="sm-4d2">
         <name>_EPwm1Regs</name>
         <value>0x4000</value>
         <object_component_ref idref="oc-187"/>
      </symbol>
      <symbol id="sm-4d3">
         <name>_AdcbRegs</name>
         <value>0x7480</value>
         <object_component_ref idref="oc-17c"/>
      </symbol>
      <symbol id="sm-4d4">
         <name>_ScibRegs</name>
         <value>0x7210</value>
         <object_component_ref idref="oc-148"/>
      </symbol>
      <symbol id="sm-4d5">
         <name>_AdcaResultRegs</name>
         <value>0xb00</value>
         <object_component_ref idref="oc-14a"/>
      </symbol>
      <symbol id="sm-4d6">
         <name>_ECap2Regs</name>
         <value>0x5020</value>
         <object_component_ref idref="oc-160"/>
      </symbol>
      <symbol id="sm-4d7">
         <name>_EPwm12Regs</name>
         <value>0x4b00</value>
         <object_component_ref idref="oc-18b"/>
      </symbol>
      <symbol id="sm-4d8">
         <name>_AdcbResultRegs</name>
         <value>0xb20</value>
         <object_component_ref idref="oc-149"/>
      </symbol>
      <symbol id="sm-4d9">
         <name>_AdccResultRegs</name>
         <value>0xb40</value>
         <object_component_ref idref="oc-14c"/>
      </symbol>
      <symbol id="sm-4da">
         <name>_Emif1ConfigRegs</name>
         <value>0x5f480</value>
         <object_component_ref idref="oc-152"/>
      </symbol>
      <symbol id="sm-4db">
         <name>_Sdfm2Regs</name>
         <value>0x5e80</value>
         <object_component_ref idref="oc-180"/>
      </symbol>
      <symbol id="sm-4dc">
         <name>_AdcdResultRegs</name>
         <value>0xb60</value>
         <object_component_ref idref="oc-14b"/>
      </symbol>
      <symbol id="sm-4dd">
         <name>_EQep2Regs</name>
         <value>0x5140</value>
         <object_component_ref idref="oc-165"/>
      </symbol>
      <symbol id="sm-4de">
         <name>_Cmpss1Regs</name>
         <value>0x5c80</value>
         <object_component_ref idref="oc-15d"/>
      </symbol>
      <symbol id="sm-4df">
         <name>_EPwm8Regs</name>
         <value>0x4700</value>
         <object_component_ref idref="oc-18e"/>
      </symbol>
      <symbol id="sm-4e0">
         <name>_Emif2ConfigRegs</name>
         <value>0x5f4a0</value>
         <object_component_ref idref="oc-153"/>
      </symbol>
      <symbol id="sm-4e1">
         <name>_DcsmCommonRegs</name>
         <value>0x5f070</value>
         <object_component_ref idref="oc-13e"/>
      </symbol>
      <symbol id="sm-4e2">
         <name>_EPwm2Regs</name>
         <value>0x4100</value>
         <object_component_ref idref="oc-186"/>
      </symbol>
      <symbol id="sm-4e3">
         <name>_ECap3Regs</name>
         <value>0x5040</value>
         <object_component_ref idref="oc-14f"/>
      </symbol>
      <symbol id="sm-4e4">
         <name>_Cmpss8Regs</name>
         <value>0x5d60</value>
         <object_component_ref idref="oc-15a"/>
      </symbol>
      <symbol id="sm-4e5">
         <name>_EQep3Regs</name>
         <value>0x5180</value>
         <object_component_ref idref="oc-163"/>
      </symbol>
      <symbol id="sm-4e6">
         <name>_SyncSocRegs</name>
         <value>0x7940</value>
         <object_component_ref idref="oc-138"/>
      </symbol>
      <symbol id="sm-4e7">
         <name>_EPwm9Regs</name>
         <value>0x4800</value>
         <object_component_ref idref="oc-18c"/>
      </symbol>
      <symbol id="sm-4e8">
         <name>_NmiIntruptRegs</name>
         <value>0x7060</value>
         <object_component_ref idref="oc-139"/>
      </symbol>
      <symbol id="sm-4e9">
         <name>_EPwm3Regs</name>
         <value>0x4200</value>
         <object_component_ref idref="oc-189"/>
      </symbol>
      <symbol id="sm-4ea">
         <name>_I2caRegs</name>
         <value>0x7300</value>
         <object_component_ref idref="oc-166"/>
      </symbol>
      <symbol id="sm-4fd">
         <name>_GPIO_EnableUnbondedIOPullupsFor176Pin</name>
         <value>0x8436</value>
         <object_component_ref idref="oc-20d"/>
      </symbol>
      <symbol id="sm-4fe">
         <name>_GPIO_EnableUnbondedIOPullups</name>
         <value>0x8480</value>
         <object_component_ref idref="oc-207"/>
      </symbol>
      <symbol id="sm-4ff">
         <name>_GPIO_EnableUnbondedIOPullupsFor100Pin</name>
         <value>0x83ba</value>
         <object_component_ref idref="oc-20c"/>
      </symbol>
      <symbol id="sm-516">
         <name>_InitPieCtrl</name>
         <value>0x83df</value>
         <object_component_ref idref="oc-1ff"/>
      </symbol>
      <symbol id="sm-527">
         <name>_PieVectTableInit</name>
         <value>0x139c8</value>
         <object_component_ref idref="oc-20a"/>
      </symbol>
      <symbol id="sm-528">
         <name>_InitPieVectTable</name>
         <value>0x8394</value>
         <object_component_ref idref="oc-200"/>
      </symbol>
      <symbol id="sm-555">
         <name>_InitSysPll</name>
         <value>0x810e</value>
         <object_component_ref idref="oc-208"/>
      </symbol>
      <symbol id="sm-556">
         <name>_DisableDog</name>
         <value>0x8496</value>
         <object_component_ref idref="oc-204"/>
      </symbol>
      <symbol id="sm-557">
         <name>_SysIntOsc2Sel</name>
         <value>0x895a</value>
         <object_component_ref idref="oc-20f"/>
      </symbol>
      <symbol id="sm-558">
         <name>_InitPeripheralClocks</name>
         <value>0x81d4</value>
         <object_component_ref idref="oc-209"/>
      </symbol>
      <symbol id="sm-559">
         <name>_InitFlash</name>
         <value>0x8a64</value>
         <object_component_ref idref="oc-206"/>
      </symbol>
      <symbol id="sm-55a">
         <name>_SysXtalOscSel</name>
         <value>0x84b1</value>
         <object_component_ref idref="oc-210"/>
      </symbol>
      <symbol id="sm-55b">
         <name>_SysIntOsc1Sel</name>
         <value>0x8950</value>
         <object_component_ref idref="oc-20e"/>
      </symbol>
      <symbol id="sm-55c">
         <name>_InitSysCtrl</name>
         <value>0x82f4</value>
         <object_component_ref idref="oc-1fe"/>
      </symbol>
      <symbol id="sm-569">
         <name>_tempSensor_tempSlope</name>
         <value>0x139bc</value>
         <object_component_ref idref="oc-1ae"/>
      </symbol>
      <symbol id="sm-56a">
         <name>_tempSensor_tempOffset</name>
         <value>0x139b8</value>
         <object_component_ref idref="oc-1ae"/>
      </symbol>
      <symbol id="sm-56b">
         <name>_tempSensor_scaleFactor</name>
         <value>0x139ba</value>
         <object_component_ref idref="oc-1ae"/>
      </symbol>
      <symbol id="sm-580">
         <name>_I2C</name>
         <value>0x13948</value>
         <object_component_ref idref="oc-1b5"/>
      </symbol>
      <symbol id="sm-581">
         <name>_TRIP_SEL</name>
         <value>0x1399a</value>
         <object_component_ref idref="oc-1b5"/>
      </symbol>
      <symbol id="sm-582">
         <name>_EPWM</name>
         <value>0x13980</value>
         <object_component_ref idref="oc-1b5"/>
      </symbol>
      <symbol id="sm-583">
         <name>_MCBSP</name>
         <value>0x13944</value>
         <object_component_ref idref="oc-1b5"/>
      </symbol>
      <symbol id="sm-584">
         <name>_ECAP</name>
         <value>0x1396c</value>
         <object_component_ref idref="oc-1b5"/>
      </symbol>
      <symbol id="sm-585">
         <name>_SPI</name>
         <value>0x1395a</value>
         <object_component_ref idref="oc-1b5"/>
      </symbol>
      <symbol id="sm-586">
         <name>_EQEP</name>
         <value>0x13952</value>
         <object_component_ref idref="oc-1b5"/>
      </symbol>
      <symbol id="sm-587">
         <name>_SDFM</name>
         <value>0x1394c</value>
         <object_component_ref idref="oc-1b5"/>
      </symbol>
      <symbol id="sm-588">
         <name>_ADC</name>
         <value>0x13962</value>
         <object_component_ref idref="oc-1b5"/>
      </symbol>
      <symbol id="sm-589">
         <name>_SCI</name>
         <value>0x13940</value>
         <object_component_ref idref="oc-1b5"/>
      </symbol>
      <symbol id="sm-595">
         <name>_F28x_usDelay</name>
         <value>0x8a8d</value>
         <object_component_ref idref="oc-1b7"/>
      </symbol>
      <symbol id="sm-5b0">
         <name>_c_int00</name>
         <value>0x8258</value>
         <object_component_ref idref="oc-80"/>
      </symbol>
      <symbol id="sm-5b1">
         <name>__stack</name>
         <value>0x400</value>
         <object_component_ref idref="oc-1bc"/>
      </symbol>
      <symbol id="sm-5c9">
         <name>_copy_in</name>
         <value>0x82ae</value>
         <object_component_ref idref="oc-1f7"/>
      </symbol>
      <symbol id="sm-5d8">
         <name>_ppcopy</name>
         <value>0x841c</value>
         <object_component_ref idref="oc-1c7"/>
      </symbol>
      <symbol id="sm-5d9">
         <name>_dpcopy</name>
         <value>0x841c</value>
         <object_component_ref idref="oc-1c7"/>
      </symbol>
      <symbol id="sm-5da">
         <name>_pdcopy</name>
         <value>0x841c</value>
         <object_component_ref idref="oc-1c7"/>
      </symbol>
      <symbol id="sm-5db">
         <name>_ddcopy</name>
         <value>0x841c</value>
         <object_component_ref idref="oc-1c7"/>
      </symbol>
      <symbol id="sm-5f0">
         <name>C$$EXIT</name>
         <value>0x836b</value>
         <object_component_ref idref="oc-1fa"/>
      </symbol>
      <symbol id="sm-5f1">
         <name>_exit</name>
         <value>0x836d</value>
         <object_component_ref idref="oc-1fa"/>
      </symbol>
      <symbol id="sm-5f2">
         <name>___TI_cleanup_ptr</name>
         <value>0x139c2</value>
         <object_component_ref idref="oc-1ce"/>
      </symbol>
      <symbol id="sm-5f3">
         <name>___TI_enable_exit_profile_output</name>
         <value>0x139c0</value>
         <object_component_ref idref="oc-1ce"/>
      </symbol>
      <symbol id="sm-5f4">
         <name>_abort</name>
         <value>0x836b</value>
         <object_component_ref idref="oc-1fa"/>
      </symbol>
      <symbol id="sm-5f5">
         <name>___TI_dtors_ptr</name>
         <value>0x139c4</value>
         <object_component_ref idref="oc-1ce"/>
      </symbol>
      <symbol id="sm-602">
         <name>__system_pre_init</name>
         <value>0x8a60</value>
         <object_component_ref idref="oc-1f6"/>
      </symbol>
      <symbol id="sm-60f">
         <name>__system_post_cinit</name>
         <value>0x8a62</value>
         <object_component_ref idref="oc-1f8"/>
      </symbol>
      <symbol id="sm-624">
         <name>__unlock</name>
         <value>0x139c6</value>
         <object_component_ref idref="oc-20b"/>
      </symbol>
      <symbol id="sm-625">
         <name>__lock</name>
         <value>0x139be</value>
         <object_component_ref idref="oc-1fc"/>
      </symbol>
      <symbol id="sm-626">
         <name>__register_lock</name>
         <value>0x8a58</value>
         <object_component_ref idref="oc-202"/>
      </symbol>
      <symbol id="sm-627">
         <name>__nop</name>
         <value>0x8a5c</value>
         <object_component_ref idref="oc-202"/>
      </symbol>
      <symbol id="sm-628">
         <name>__register_unlock</name>
         <value>0x8a54</value>
         <object_component_ref idref="oc-202"/>
      </symbol>
      <symbol id="sm-638">
         <name>__args_main</name>
         <value>0x844f</value>
         <object_component_ref idref="oc-1f9"/>
      </symbol>
      <symbol id="sm-644">
         <name>LL$$AND</name>
         <value>0x8468</value>
         <object_component_ref idref="oc-1e7"/>
      </symbol>
      <symbol id="sm-645">
         <name>LL$$OR</name>
         <value>0x8470</value>
         <object_component_ref idref="oc-1e7"/>
      </symbol>
      <symbol id="sm-646">
         <name>LL$$XOR</name>
         <value>0x8478</value>
         <object_component_ref idref="oc-1e7"/>
      </symbol>
      <symbol id="sm-658">
         <name>_memcpy</name>
         <value>0x83fe</value>
         <object_component_ref idref="oc-205"/>
      </symbol>
   </symbol_table>
   <title>Link successful</title>
</link_info>
